EVA2_2_FOREIGN_KEY
MySQL Shell 8.0.41

Copyright (c) 2016, 2025, Oracle and/or its affiliates.
Oracle is a registered trademark of Oracle Corporation and/or its affiliates.
Other names may be trademarks of their respective owners.

Type '\help' or '\?' for help; '\quit' to exit.
 MySQL  JS > \sql
Switching to SQL mode... Commands end with ;
 MySQL  SQL > \connect --mc root@localhost
Creating a Classic session to 'root@localhost'
Fetching global names for auto-completion... Press ^C to stop.
Your MySQL connection id is 8
Server version: 8.0.41 MySQL Community Server - GPL
No default schema selected; type \use <schema> to set one.
 MySQL  localhost:3306 ssl  SQL > use tbd_2
Default schema set to `tbd_2`.
Fetching global names, object names from `tbd_2` for auto-completion... Press ^C to stop.
 MySQL  localhost:3306 ssl  tbd_2  SQL > desc tarjetacliente;
+-------------+------+------+-----+---------+-------+
| Field       | Type | Null | Key | Default | Extra |
+-------------+------+------+-----+---------+-------+
| tarjetaclID | int  | NO   |     | NULL    |       |
| clienteid   | int  | NO   | MUL | NULL    |       |
| bancoid     | int  | NO   |     | NULL    |       |
| tarjetaid   | int  | NO   |     | NULL    |       |
+-------------+------+------+-----+---------+-------+
4 rows in set (0.0095 sec)
 MySQL  localhost:3306 ssl  tbd_2  SQL > insert into tarjetacliente(clienteid, bancoid, tarjetaid) values
                                      -> (10,1,1);
ERROR: 1364 (HY000): Field 'tarjetaclID' doesn't have a default value
 MySQL  localhost:3306 ssl  tbd_2  SQL > insert into tarjetacliente(clienteid, bancoid, tarjetaclid) values (10,1,1);
ERROR: 1364 (HY000): Field 'tarjetaid' doesn't have a default value
 MySQL  localhost:3306 ssl  tbd_2  SQL > insert into tarjetacliente(clienteid, bancoid, tarjetaid) values (10,1,1);
ERROR: 1364 (HY000): Field 'tarjetaclID' doesn't have a default value
 MySQL  localhost:3306 ssl  tbd_2  SQL > insert into tarjetacliente(clienteid, bancoid, tarjetaid) values (1,1,1);
ERROR: 1364 (HY000): Field 'tarjetaclID' doesn't have a default value
 MySQL  localhost:3306 ssl  tbd_2  SQL > desc tarjeta;
+-----------+-------------+------+-----+---------+----------------+
| Field     | Type        | Null | Key | Default | Extra          |
+-----------+-------------+------+-----+---------+----------------+
| tarjetaid | int         | NO   | PRI | NULL    | auto_increment |
| nombre    | varchar(50) | YES  |     | NULL    |                |
+-----------+-------------+------+-----+---------+----------------+
2 rows in set (0.0021 sec)
 MySQL  localhost:3306 ssl  tbd_2  SQL > desc banco;
+---------+-------------+------+-----+---------+----------------+
| Field   | Type        | Null | Key | Default | Extra          |
+---------+-------------+------+-----+---------+----------------+
| bancoid | int         | NO   | PRI | NULL    | auto_increment |
| nombre  | varchar(50) | NO   |     | NULL    |                |
+---------+-------------+------+-----+---------+----------------+
2 rows in set (0.0024 sec)
 MySQL  localhost:3306 ssl  tbd_2  SQL > insert into tarjetacliente(tarjetaclID, clienteid, bancoid, tarjetaid) values (1,1,1,1);
Query OK, 1 row affected (0.0390 sec)
 MySQL  localhost:3306 ssl  tbd_2  SQL > insert into tarjetacliente(tarjetaclID, clienteid, bancoid, tarjetaid) values (2,2,2,2);
Query OK, 1 row affected (0.0046 sec)
 MySQL  localhost:3306 ssl  tbd_2  SQL > select
                                      ->
                                      -> * from tarjetacliente;
+-------------+-----------+---------+-----------+
| tarjetaclID | clienteid | bancoid | tarjetaid |
+-------------+-----------+---------+-----------+
|           1 |         1 |       1 |         1 |
|           2 |         2 |       2 |         2 |
+-------------+-----------+---------+-----------+
2 rows in set (0.0064 sec)
 MySQL  localhost:3306 ssl  tbd_2  SQL > delet from cliente
                                      -> where cleinteid = 1;
ERROR: 1064 (42000): You have an error in your SQL syntax; check the manual that corresponds to your MySQL server version for the right syntax to use near 'delet from cliente
where cleinteid = 1' at line 1
 MySQL  localhost:3306 ssl  tbd_2  SQL > alter table cliente
                                      -> add foreign key(bancoid)^C
 MySQL  localhost:3306 ssl  tbd_2  SQL > alter table tarjetacleinte
                                      -> add foreign key(bancoid) references
                                      -> banco (bancoid);
ERROR: 1146 (42S02): Table 'tbd_2.tarjetacleinte' doesn't exist
 MySQL  localhost:3306 ssl  tbd_2  SQL > alter table tarjetacliente add foreign key(bancoid) references banco (bancoid);
Query OK, 2 rows affected (0.1007 sec)

Records: 2  Duplicates: 0  Warnings: 0
 MySQL  localhost:3306 ssl  tbd_2  SQL > alter table tarjetacliente
                                      -> add foreign key(tarjetaid)
                                      -> references banco(bancoid);
Query OK, 2 rows affected (0.0862 sec)

Records: 2  Duplicates: 0  Warnings: 0
 MySQL  localhost:3306 ssl  tbd_2  SQL > show create table tarjertacliente;
ERROR: 1146 (42S02): Table 'tbd_2.tarjertacliente' doesn't exist
 MySQL  localhost:3306 ssl  tbd_2  SQL > show create table tarjetacliente;
+----------------+-----------------------------------------------------------------------------------------------------------------------------------------------------------------------------------------------------------------------------------------------------------------------------------------------------------------------------------------------------------------------------------------------------------------------------------------------------------------------------------------------------------------------------------------------------------------------------------------------------------------+
| Table          | Create Table



                                                                               |
+----------------+-----------------------------------------------------------------------------------------------------------------------------------------------------------------------------------------------------------------------------------------------------------------------------------------------------------------------------------------------------------------------------------------------------------------------------------------------------------------------------------------------------------------------------------------------------------------------------------------------------------------+
| tarjetacliente | CREATE TABLE `tarjetacliente` (
  `tarjetaclID` int NOT NULL,
  `clienteid` int NOT NULL,
  `bancoid` int NOT NULL,
  `tarjetaid` int NOT NULL,
  KEY `clienteid` (`clienteid`),
  KEY `bancoid` (`bancoid`),
  KEY `tarjetaid` (`tarjetaid`),
  CONSTRAINT `tarjetacliente_ibfk_1` FOREIGN KEY (`clienteid`) REFERENCES `cliente` (`clienteid`),
  CONSTRAINT `tarjetacliente_ibfk_2` FOREIGN KEY (`bancoid`) REFERENCES `banco` (`bancoid`),
  CONSTRAINT `tarjetacliente_ibfk_3` FOREIGN KEY (`tarjetaid`) REFERENCES `banco` (`bancoid`)
) ENGINE=InnoDB DEFAULT CHARSET=utf8mb4 COLLATE=utf8mb4_0900_ai_ci |
+----------------+-----------------------------------------------------------------------------------------------------------------------------------------------------------------------------------------------------------------------------------------------------------------------------------------------------------------------------------------------------------------------------------------------------------------------------------------------------------------------------------------------------------------------------------------------------------------------------------------------------------------+
1 row in set (0.0008 sec)
 MySQL  localhost:3306 ssl  tbd_2  SQL > alter table tarjetacliente add foreign key(tarjetaid) references tarjeta(tarjetaid);
Query OK, 2 rows affected (0.0980 sec)

Records: 2  Duplicates: 0  Warnings: 0
 MySQL  localhost:3306 ssl  tbd_2  SQL > show create table tarjetacliente;
+----------------+--------------------------------------------------------------------------------------------------------------------------------------------------------------------------------------------------------------------------------------------------------------------------------------------------------------------------------------------------------------------------------------------------------------------------------------------------------------------------------------------------------------------------------------------------------------------------------------------------------------------------------------------------------------------------------------------------------------------+
| Table          | Create Table




                                             |
+----------------+--------------------------------------------------------------------------------------------------------------------------------------------------------------------------------------------------------------------------------------------------------------------------------------------------------------------------------------------------------------------------------------------------------------------------------------------------------------------------------------------------------------------------------------------------------------------------------------------------------------------------------------------------------------------------------------------------------------------+
| tarjetacliente | CREATE TABLE `tarjetacliente` (
  `tarjetaclID` int NOT NULL,
  `clienteid` int NOT NULL,
  `bancoid` int NOT NULL,
  `tarjetaid` int NOT NULL,
  KEY `clienteid` (`clienteid`),
  KEY `bancoid` (`bancoid`),
  KEY `tarjetaid` (`tarjetaid`),
  CONSTRAINT `tarjetacliente_ibfk_1` FOREIGN KEY (`clienteid`) REFERENCES `cliente` (`clienteid`),
  CONSTRAINT `tarjetacliente_ibfk_2` FOREIGN KEY (`bancoid`) REFERENCES `banco` (`bancoid`),
  CONSTRAINT `tarjetacliente_ibfk_3` FOREIGN KEY (`tarjetaid`) REFERENCES `banco` (`bancoid`),
  CONSTRAINT `tarjetacliente_ibfk_4` FOREIGN KEY (`tarjetaid`) REFERENCES `tarjeta` (`tarjetaid`)
) ENGINE=InnoDB DEFAULT CHARSET=utf8mb4 COLLATE=utf8mb4_0900_ai_ci |
+----------------+--------------------------------------------------------------------------------------------------------------------------------------------------------------------------------------------------------------------------------------------------------------------------------------------------------------------------------------------------------------------------------------------------------------------------------------------------------------------------------------------------------------------------------------------------------------------------------------------------------------------------------------------------------------------------------------------------------------------+
1 row in set (0.0009 sec)
 MySQL  localhost:3306 ssl  tbd_2  SQL > insert into tarjetacliente(tarjetaclID, clienteid, bancoid, tarjetaid) values (2,2,5,2);
ERROR: 1452 (23000): Cannot add or update a child row: a foreign key constraint fails (`tbd_2`.`tarjetacliente`, CONSTRAINT `tarjetacliente_ibfk_2` FOREIGN KEY (`bancoid`) REFERENCES `banco` (`bancoid`))
 MySQL  localhost:3306 ssl  tbd_2  SQL > insert into tarjetacliente(tarjetaclID, clienteid, bancoid, tarjetaid) values (3,2,3,2);
Query OK, 1 row affected (0.0094 sec)
 MySQL  localhost:3306 ssl  tbd_2  SQL > insert into tarjetacliente(tarjetaclID, clienteid, bancoid, tarjetaid) values (4,2,4,2);
Query OK, 1 row affected (0.0048 sec)
 MySQL  localhost:3306 ssl  tbd_2  SQL > show create table tarjetacliente;
+----------------+--------------------------------------------------------------------------------------------------------------------------------------------------------------------------------------------------------------------------------------------------------------------------------------------------------------------------------------------------------------------------------------------------------------------------------------------------------------------------------------------------------------------------------------------------------------------------------------------------------------------------------------------------------------------------------------------------------------------+
| Table          | Create Table




                                             |
+----------------+--------------------------------------------------------------------------------------------------------------------------------------------------------------------------------------------------------------------------------------------------------------------------------------------------------------------------------------------------------------------------------------------------------------------------------------------------------------------------------------------------------------------------------------------------------------------------------------------------------------------------------------------------------------------------------------------------------------------+
| tarjetacliente | CREATE TABLE `tarjetacliente` (
  `tarjetaclID` int NOT NULL,
  `clienteid` int NOT NULL,
  `bancoid` int NOT NULL,
  `tarjetaid` int NOT NULL,
  KEY `clienteid` (`clienteid`),
  KEY `bancoid` (`bancoid`),
  KEY `tarjetaid` (`tarjetaid`),
  CONSTRAINT `tarjetacliente_ibfk_1` FOREIGN KEY (`clienteid`) REFERENCES `cliente` (`clienteid`),
  CONSTRAINT `tarjetacliente_ibfk_2` FOREIGN KEY (`bancoid`) REFERENCES `banco` (`bancoid`),
  CONSTRAINT `tarjetacliente_ibfk_3` FOREIGN KEY (`tarjetaid`) REFERENCES `banco` (`bancoid`),
  CONSTRAINT `tarjetacliente_ibfk_4` FOREIGN KEY (`tarjetaid`) REFERENCES `tarjeta` (`tarjetaid`)
) ENGINE=InnoDB DEFAULT CHARSET=utf8mb4 COLLATE=utf8mb4_0900_ai_ci |
+----------------+--------------------------------------------------------------------------------------------------------------------------------------------------------------------------------------------------------------------------------------------------------------------------------------------------------------------------------------------------------------------------------------------------------------------------------------------------------------------------------------------------------------------------------------------------------------------------------------------------------------------------------------------------------------------------------------------------------------------+
1 row in set (0.0009 sec)
 MySQL  localhost:3306 ssl  tbd_2  SQL > insert into tarjetacliente(tarjetaclID, clienteid, bancoid, tarjetaid) values (5,2,2,4);
ERROR: 1452 (23000): Cannot add or update a child row: a foreign key constraint fails (`tbd_2`.`tarjetacliente`, CONSTRAINT `tarjetacliente_ibfk_4` FOREIGN KEY (`tarjetaid`) REFERENCES `tarjeta` (`tarjetaid`))
 MySQL  localhost:3306 ssl  tbd_2  SQL > delet from tarjeta where tarjetaid = 1;
ERROR: 1064 (42000): You have an error in your SQL syntax; check the manual that corresponds to your MySQL server version for the right syntax to use near 'delet from tarjeta where tarjetaid = 1' at line 1
 MySQL  localhost:3306 ssl  tbd_2  SQL > show tables;
+-----------------+
| Tables_in_tbd_2 |
+-----------------+
| banco           |
| cliente         |
| tarjeta         |
| tarjetacliente  |
+-----------------+
4 rows in set (0.0021 sec)
 MySQL  localhost:3306 ssl  tbd_2  SQL > create table direccioncliente
                                      -> calle varchar(50),
                                      -> numero int,
                                      -> colonia varchar(50)^C
 MySQL  localhost:3306 ssl  tbd_2  SQL > create table direccioncliente
                                      -> calle varchar(50) not null,
                                      -> numero int,
                                      -> colonia varchar(50) not null,
                                      -> cp int,
                                      -> ciudad varchar(50),
                                      -> estado varchar(50),
                                      -> pais varchar(50),
                                      -> foreign key (clienteid) reference cliente(clienteid);
ERROR: 1064 (42000): You have an error in your SQL syntax; check the manual that corresponds to your MySQL server version for the right syntax to use near 'calle varchar(50) not null,
numero int,
colonia varchar(50) not null,
cp int,
ci' at line 2
 MySQL  localhost:3306 ssl  tbd_2  SQL > create table direccioncliente calle varchar(50), numero int, colonia varchar(50), cp int, ciudad varchar(50), estado varchar(50), pais varchar(50), foreign key (clienteid) reference cliente(clienteid);
ERROR: 1064 (42000): You have an error in your SQL syntax; check the manual that corresponds to your MySQL server version for the right syntax to use near 'calle varchar(50), numero int, colonia varchar(50), cp int, ciudad varchar(50), ' at line 1
 MySQL  localhost:3306 ssl  tbd_2  SQL > create table direccioncliente (direccionclid int not null auto_increment, calle varchar(50) not null, numero int, colonia varchar(50) not null, cp int, ciudad varchar(50) not null, estado varchar(50) not null, pais varchar(50), foreign key (clienteid) reference cliente(clienteid));
ERROR: 1064 (42000): You have an error in your SQL syntax; check the manual that corresponds to your MySQL server version for the right syntax to use near 'reference cliente(clienteid))' at line 1
 MySQL  localhost:3306 ssl  tbd_2  SQL > create table direccioncliente (direccionclid int not null auto_increment, calle varchar(50) not null, numero int, colonia varchar(50) not null, cp int, ciudad varchar(50) not null, estado varchar(50) not null, pais varchar(50), foreign key (clienteid) references cliente(clienteid));
ERROR: 1072 (42000): Key column 'clienteid' doesn't exist in table
 MySQL  localhost:3306 ssl  tbd_2  SQL > desc cliente;
+-----------+-------------+------+-----+---------+----------------+
| Field     | Type        | Null | Key | Default | Extra          |
+-----------+-------------+------+-----+---------+----------------+
| clienteid | int         | NO   | PRI | NULL    | auto_increment |
| nombre    | varchar(50) | NO   |     | NULL    |                |
| apellidos | varchar(50) | NO   |     | NULL    |                |
+-----------+-------------+------+-----+---------+----------------+
3 rows in set (0.0019 sec)
 MySQL  localhost:3306 ssl  tbd_2  SQL > create table direccioncliente (direccionclid int not null auto_increment, calle varchar(50) not null, numero int, colonia varchar(50) not null, cp int, ciudad varchar(50) not null, estado varchar(50) not null, pais varchar(50), foreign key (clienteid) references cliente(clienteid));
ERROR: 1072 (42000): Key column 'clienteid' doesn't exist in table
 MySQL  localhost:3306 ssl  tbd_2  SQL > create table direccioncliente (direccionclid int not null auto_increment, calle varchar(50) not null, numero int, colonia varchar(50) not null, cp int, ciudad varchar(50) not null, estado varchar(50) not null, pais varchar(50),clienteid int, foreign key (clienteid) references cliente(clienteid));
ERROR: 1075 (42000): Incorrect table definition; there can be only one auto column and it must be defined as a key
 MySQL  localhost:3306 ssl  tbd_2  SQL > create table direccioncliente (direccionclid int not null auto_increment, clienteid int not null, calle varchar(50) not null, numero int, colonia varchar(50) not null, cp int, ciudad varchar(50) not null, estado varchar(50) not null, pais varchar(50), foreign key (clienteid) references cliente(clienteid));
ERROR: 1075 (42000): Incorrect table definition; there can be only one auto column and it must be defined as a key
 MySQL  localhost:3306 ssl  tbd_2  SQL >